Archive member included because of file (symbol)

c:/program files (x86)/atmel/atmel toolchain/avr8 gcc/native/3.4.1061/avr8-gnu-toolchain/bin/../lib/gcc/avr/4.8.1/../../../../avr/lib\libpololu_atmega1284p.a(OrangutanBuzzer.o)
                              main.o (play_from_program_space)
c:/program files (x86)/atmel/atmel toolchain/avr8 gcc/native/3.4.1061/avr8-gnu-toolchain/bin/../lib/gcc/avr/4.8.1/../../../../avr/lib\libpololu_atmega1284p.a(OrangutanLCD.o)
                              main.o (clear)
c:/program files (x86)/atmel/atmel toolchain/avr8 gcc/native/3.4.1061/avr8-gnu-toolchain/bin/../lib/gcc/avr/4.8.1/../../../../avr/lib\libpololu_atmega1284p.a(OrangutanPushbuttons.o)
                              main.o (get_single_debounced_button_press)
c:/program files (x86)/atmel/atmel toolchain/avr8 gcc/native/3.4.1061/avr8-gnu-toolchain/bin/../lib/gcc/avr/4.8.1/../../../../avr/lib\libpololu_atmega1284p.a(OrangutanSerial.o)
                              main.o (serial_get_received_bytes)
c:/program files (x86)/atmel/atmel toolchain/avr8 gcc/native/3.4.1061/avr8-gnu-toolchain/bin/../lib/gcc/avr/4.8.1/../../../../avr/lib\libpololu_atmega1284p.a(OrangutanTime.o)
                              main.o (delay_ms)
c:/program files (x86)/atmel/atmel toolchain/avr8 gcc/native/3.4.1061/avr8-gnu-toolchain/bin/../lib/gcc/avr/4.8.1/../../../../avr/lib\libpololu_atmega1284p.a(OrangutanSVP.o)
                              c:/program files (x86)/atmel/atmel toolchain/avr8 gcc/native/3.4.1061/avr8-gnu-toolchain/bin/../lib/gcc/avr/4.8.1/../../../../avr/lib\libpololu_atmega1284p.a(OrangutanSerial.o) (_ZN12OrangutanSVP11getNextByteEv)
c:/program files (x86)/atmel/atmel toolchain/avr8 gcc/native/3.4.1061/avr8-gnu-toolchain/bin/../lib/gcc/avr/4.8.1/../../../../avr/lib\libpololu_atmega1284p.a(OrangutanSPIMaster.o)
                              c:/program files (x86)/atmel/atmel toolchain/avr8 gcc/native/3.4.1061/avr8-gnu-toolchain/bin/../lib/gcc/avr/4.8.1/../../../../avr/lib\libpololu_atmega1284p.a(OrangutanSVP.o) (_ZN18OrangutanSPIMaster16transmitAndDelayEhh)
c:/program files (x86)/atmel/atmel toolchain/avr8 gcc/native/3.4.1061/avr8-gnu-toolchain/bin/../lib/gcc/avr/4.8.1/avr51\libgcc.a(_mulsi3.o)
                              c:/program files (x86)/atmel/atmel toolchain/avr8 gcc/native/3.4.1061/avr8-gnu-toolchain/bin/../lib/gcc/avr/4.8.1/../../../../avr/lib\libpololu_atmega1284p.a(OrangutanBuzzer.o) (__mulsi3)
c:/program files (x86)/atmel/atmel toolchain/avr8 gcc/native/3.4.1061/avr8-gnu-toolchain/bin/../lib/gcc/avr/4.8.1/avr51\libgcc.a(_udivmodqi4.o)
                              c:/program files (x86)/atmel/atmel toolchain/avr8 gcc/native/3.4.1061/avr8-gnu-toolchain/bin/../lib/gcc/avr/4.8.1/../../../../avr/lib\libpololu_atmega1284p.a(OrangutanBuzzer.o) (__udivmodqi4)
c:/program files (x86)/atmel/atmel toolchain/avr8 gcc/native/3.4.1061/avr8-gnu-toolchain/bin/../lib/gcc/avr/4.8.1/avr51\libgcc.a(_udivmodhi4.o)
                              c:/program files (x86)/atmel/atmel toolchain/avr8 gcc/native/3.4.1061/avr8-gnu-toolchain/bin/../lib/gcc/avr/4.8.1/../../../../avr/lib\libpololu_atmega1284p.a(OrangutanBuzzer.o) (__udivmodhi4)
c:/program files (x86)/atmel/atmel toolchain/avr8 gcc/native/3.4.1061/avr8-gnu-toolchain/bin/../lib/gcc/avr/4.8.1/avr51\libgcc.a(_udivmodsi4.o)
                              c:/program files (x86)/atmel/atmel toolchain/avr8 gcc/native/3.4.1061/avr8-gnu-toolchain/bin/../lib/gcc/avr/4.8.1/../../../../avr/lib\libpololu_atmega1284p.a(OrangutanBuzzer.o) (__udivmodsi4)
c:/program files (x86)/atmel/atmel toolchain/avr8 gcc/native/3.4.1061/avr8-gnu-toolchain/bin/../lib/gcc/avr/4.8.1/avr51\libgcc.a(_divmodsi4.o)
                              c:/program files (x86)/atmel/atmel toolchain/avr8 gcc/native/3.4.1061/avr8-gnu-toolchain/bin/../lib/gcc/avr/4.8.1/../../../../avr/lib\libpololu_atmega1284p.a(OrangutanBuzzer.o) (__divmodsi4)
c:/program files (x86)/atmel/atmel toolchain/avr8 gcc/native/3.4.1061/avr8-gnu-toolchain/bin/../lib/gcc/avr/4.8.1/avr51\libgcc.a(_negsi2.o)
                              c:/program files (x86)/atmel/atmel toolchain/avr8 gcc/native/3.4.1061/avr8-gnu-toolchain/bin/../lib/gcc/avr/4.8.1/avr51\libgcc.a(_divmodsi4.o) (__negsi2)
c:/program files (x86)/atmel/atmel toolchain/avr8 gcc/native/3.4.1061/avr8-gnu-toolchain/bin/../lib/gcc/avr/4.8.1/avr51\libgcc.a(_exit.o)
                              c:/program files (x86)/atmel/atmel toolchain/avr8 gcc/native/3.4.1061/avr8-gnu-toolchain/bin/../lib/gcc/avr/4.8.1/../../../../avr/lib/avr51/crtm1284p.o (exit)
c:/program files (x86)/atmel/atmel toolchain/avr8 gcc/native/3.4.1061/avr8-gnu-toolchain/bin/../lib/gcc/avr/4.8.1/avr51\libgcc.a(_copy_data.o)
                              main.o (__do_copy_data)
c:/program files (x86)/atmel/atmel toolchain/avr8 gcc/native/3.4.1061/avr8-gnu-toolchain/bin/../lib/gcc/avr/4.8.1/avr51\libgcc.a(_clear_bss.o)
                              main.o (__do_clear_bss)
[...]
Memory Configuration

Name             Origin             Length             Attributes
text             0x00000000         0x00020000         xr
data             0x00800100         0x0000ff00         rw !x
eeprom           0x00810000         0x00010000         rw !x
fuse             0x00820000         0x00000400         rw !x
lock             0x00830000         0x00000400         rw !x
signature        0x00840000         0x00000400         rw !x
user_signatures  0x00850000         0x00000400         rw !x
*default*        0x00000000         0xffffffff

Linker script and memory map

Address of section .data set to 0x800100
LOAD c:/program files (x86)/atmel/atmel toolchain/avr8 gcc/native/3.4.1061/avr8-gnu-toolchain/bin/../lib/gcc/avr/4.8.1/../../../../avr/lib/avr51/crtm1284p.o
LOAD main.o
START GROUP
LOAD c:/program files (x86)/atmel/atmel toolchain/avr8 gcc/native/3.4.1061/avr8-gnu-toolchain/bin/../lib/gcc/avr/4.8.1/../../../../avr/lib\libpololu_atmega1284p.a
LOAD c:/program files (x86)/atmel/atmel toolchain/avr8 gcc/native/3.4.1061/avr8-gnu-toolchain/bin/../lib/gcc/avr/4.8.1/../../../../avr/lib/avr51\libm.a
END GROUP
LOAD c:/program files (x86)/atmel/atmel toolchain/avr8 gcc/native/3.4.1061/avr8-gnu-toolchain/bin/../lib/gcc/avr/4.8.1/../../../../avr/lib\libpololu_atmega1284p.a
START GROUP
LOAD c:/program files (x86)/atmel/atmel toolchain/avr8 gcc/native/3.4.1061/avr8-gnu-toolchain/bin/../lib/gcc/avr/4.8.1/avr51\libgcc.a
LOAD c:/program files (x86)/atmel/atmel toolchain/avr8 gcc/native/3.4.1061/avr8-gnu-toolchain/bin/../lib/gcc/avr/4.8.1/../../../../avr/lib/avr51\libm.a
LOAD c:/program files (x86)/atmel/atmel toolchain/avr8 gcc/native/3.4.1061/avr8-gnu-toolchain/bin/../lib/gcc/avr/4.8.1/../../../../avr/lib/avr51\libc.a
END GROUP

.hash
 *(.hash)

.dynsym
 *(.dynsym)

.dynstr
 *(.dynstr)

.gnu.version
 *(.gnu.version)

.gnu.version_d
 *(.gnu.version_d)

.gnu.version_r
 *(.gnu.version_r)

.rel.init
 *(.rel.init)

.rela.init
 *(.rela.init)

.rel.text
 *(.rel.text)
 *(.rel.text.*)
 *(.rel.gnu.linkonce.t*)

.rela.text
 *(.rela.text)
 *(.rela.text.*)
 *(.rela.gnu.linkonce.t*)

.rel.fini
 *(.rel.fini)

.rela.fini
 *(.rela.fini)

.rel.rodata
 *(.rel.rodata)
 *(.rel.rodata.*)
 *(.rel.gnu.linkonce.r*)

.rela.rodata
 *(.rela.rodata)
 *(.rela.rodata.*)
 *(.rela.gnu.linkonce.r*)

.rel.data
 *(.rel.data)
 *(.rel.data.*)
 *(.rel.gnu.linkonce.d*)

.rela.data
 *(.rela.data)
 *(.rela.data.*)
 *(.rela.gnu.linkonce.d*)

.rel.ctors
 *(.rel.ctors)

.rela.ctors
 *(.rela.ctors)

.rel.dtors
 *(.rel.dtors)

.rela.dtors
 *(.rela.dtors)

.rel.got
 *(.rel.got)

.rela.got
 *(.rela.got)

.rel.bss
 *(.rel.bss)

.rela.bss
 *(.rela.bss)

.rel.plt
 *(.rel.plt)

.rela.plt
 *(.rela.plt)

.text           0x00000000     0x2442
 *(.vectors)
 .vectors       0x00000000       0x8c c:/program files (x86)/atmel/atmel toolchain/avr8 gcc/native/3.4.1061/avr8-gnu-toolchain/bin/../lib/gcc/avr/4.8.1/../../../../avr/lib/avr51/crtm1284p.o
                0x00000000                __vector_default
                0x00000000                __vectors
 *(.vectors)
 *(.progmem.gcc*)
                0x0000008c                . = ALIGN (0x2)
                0x0000008c                __trampolines_start = .
 *(.trampolines)
 .trampolines   0x0000008c        0x0 linker stubs
 *(.trampolines*)
                0x0000008c                __trampolines_end = .
 *(.progmem*)
 .progmem.data.__c.2250
                0x0000008c        0xa main.o
                0x00000096                . = ALIGN (0x2)
 *(.jumptables)
 *(.jumptables*)
 *(.lowtext)
 *(.lowtext*)
                0x00000096                __ctors_start = .
 *(.ctors)
                0x00000096                __ctors_end = .
                0x00000096                __dtors_start = .
 *(.dtors)
                0x00000096                __dtors_end = .
 SORT(*)(.ctors)
 SORT(*)(.dtors)
 *(.init0)
 .init0         0x00000096        0x0 c:/program files (x86)/atmel/atmel toolchain/avr8 gcc/native/3.4.1061/avr8-gnu-toolchain/bin/../lib/gcc/avr/4.8.1/../../../../avr/lib/avr51/crtm1284p.o
                0x00000096                __init
 *(.init0)
 *(.init1)
 *(.init1)
 *(.init2)
 .init2         0x00000096        0xc c:/program files (x86)/atmel/atmel toolchain/avr8 gcc/native/3.4.1061/avr8-gnu-toolchain/bin/../lib/gcc/avr/4.8.1/../../../../avr/lib/avr51/crtm1284p.o
 *(.init2)
 *(.init3)
 *(.init3)
 *(.init4)
 .init4         0x000000a2       0x1a c:/program files (x86)/atmel/atmel toolchain/avr8 gcc/native/3.4.1061/avr8-gnu-toolchain/bin/../lib/gcc/avr/4.8.1/avr51\libgcc.a(_copy_data.o)
                0x000000a2                __do_copy_data
 .init4         0x000000bc       0x10 c:/program files (x86)/atmel/atmel toolchain/avr8 gcc/native/3.4.1061/avr8-gnu-toolchain/bin/../lib/gcc/avr/4.8.1/avr51\libgcc.a(_clear_bss.o)
                0x000000bc                __do_clear_bss
 *(.init4)
 *(.init5)
 *(.init5)
 *(.init6)
 *(.init6)
 *(.init7)
 *(.init7)
 *(.init8)
 *(.init8)
 *(.init9)
 .init9         0x000000cc        0x8 c:/program files (x86)/atmel/atmel toolchain/avr8 gcc/native/3.4.1061/avr8-gnu-toolchain/bin/../lib/gcc/avr/4.8.1/../../../../avr/lib/avr51/crtm1284p.o
 *(.init9)
 *(.text)
 .text          0x000000d4        0x4 c:/program files (x86)/atmel/atmel toolchain/avr8 gcc/native/3.4.1061/avr8-gnu-toolchain/bin/../lib/gcc/avr/4.8.1/../../../../avr/lib/avr51/crtm1284p.o
                0x000000d4                __vector_22
                0x000000d4                __vector_1
                0x000000d4                __vector_32
                0x000000d4                __vector_34
                0x000000d4                __vector_24
                0x000000d4                __vector_12
                0x000000d4                __bad_interrupt
                0x000000d4                __vector_6
                0x000000d4                __vector_31
                0x000000d4                __vector_3
                0x000000d4                __vector_23
                0x000000d4                __vector_30
                0x000000d4                __vector_25
                0x000000d4                __vector_13
                0x000000d4                __vector_17
                0x000000d4                __vector_19
                0x000000d4                __vector_7
                0x000000d4                __vector_27
                0x000000d4                __vector_5
                0x000000d4                __vector_33
                0x000000d4                __vector_4
                0x000000d4                __vector_9
                0x000000d4                __vector_2
                0x000000d4                __vector_8
                0x000000d4                __vector_26
                0x000000d4                __vector_14
                0x000000d4                __vector_10
                0x000000d4                __vector_16
                0x000000d4                __vector_18
                0x000000d8                . = ALIGN (0x2)
 *(.text.*)
 .text.update_blink_interval
                0x000000d8       0x44 main.o
                0x000000d8                update_blink_interval
 .text.process_received_byte
                0x0000011c       0x26 main.o
                0x0000011c                process_received_byte
 .text.check_for_new_bytes_received
                0x00000142       0x32 main.o
                0x00000142                check_for_new_bytes_received
 .text.startup.main
                0x00000174       0xc4 main.o
                0x00000174                main
 .text._ZL16currentCharacterv
                0x00000238       0x44 c:/program files (x86)/atmel/atmel toolchain/avr8 gcc/native/3.4.1061/avr8-gnu-toolchain/bin/../lib/gcc/avr/4.8.1/../../../../avr/lib\libpololu_atmega1284p.a(OrangutanBuzzer.o)
 .text._ZL9getNumberv
                0x0000027c       0x5c c:/program files (x86)/atmel/atmel toolchain/avr8 gcc/native/3.4.1061/avr8-gnu-toolchain/bin/../lib/gcc/avr/4.8.1/../../../../avr/lib\libpololu_atmega1284p.a(OrangutanBuzzer.o)
 .text._ZN15OrangutanBuzzer5init2Ev
                0x000002d8       0x2e c:/program files (x86)/atmel/atmel toolchain/avr8 gcc/native/3.4.1061/avr8-gnu-toolchain/bin/../lib/gcc/avr/4.8.1/../../../../avr/lib\libpololu_atmega1284p.a(OrangutanBuzzer.o)
                0x000002d8                _ZN15OrangutanBuzzer5init2Ev
 .text._ZN15OrangutanBuzzer4initEv
                0x00000306       0x14 c:/program files (x86)/atmel/atmel toolchain/avr8 gcc/native/3.4.1061/avr8-gnu-toolchain/bin/../lib/gcc/avr/4.8.1/../../../../avr/lib\libpololu_atmega1284p.a(OrangutanBuzzer.o)
                0x00000306                _ZN15OrangutanBuzzer4initEv
 .text._ZN15OrangutanBuzzer13playFrequencyEjjh
                0x0000031a      0x16a c:/program files (x86)/atmel/atmel toolchain/avr8 gcc/native/3.4.1061/avr8-gnu-toolchain/bin/../lib/gcc/avr/4.8.1/../../../../avr/lib\libpololu_atmega1284p.a(OrangutanBuzzer.o)
                0x0000031a                _ZN15OrangutanBuzzer13playFrequencyEjjh
 .text._ZN15OrangutanBuzzer8playNoteEhjh
                0x00000484       0xac c:/program files (x86)/atmel/atmel toolchain/avr8 gcc/native/3.4.1061/avr8-gnu-toolchain/bin/../lib/gcc/avr/4.8.1/../../../../avr/lib\libpololu_atmega1284p.a(OrangutanBuzzer.o)
                0x00000484                _ZN15OrangutanBuzzer8playNoteEhjh
 .text._ZL8nextNotev
                0x00000530      0x2a2 c:/program files (x86)/atmel/atmel toolchain/avr8 gcc/native/3.4.1061/avr8-gnu-toolchain/bin/../lib/gcc/avr/4.8.1/../../../../avr/lib\libpololu_atmega1284p.a(OrangutanBuzzer.o)
 .text.__vector_15
                0x000007d2       0xaa c:/program files (x86)/atmel/atmel toolchain/avr8 gcc/native/3.4.1061/avr8-gnu-toolchain/bin/../lib/gcc/avr/4.8.1/../../../../avr/lib\libpololu_atmega1284p.a(OrangutanBuzzer.o)
                0x000007d2                __vector_15
 .text._ZN15OrangutanBuzzer20playFromProgramSpaceEPKc
                0x0000087c       0x1c c:/program files (x86)/atmel/atmel toolchain/avr8 gcc/native/3.4.1061/avr8-gnu-toolchain/bin/../lib/gcc/avr/4.8.1/../../../../avr/lib\libpololu_atmega1284p.a(OrangutanBuzzer.o)
                0x0000087c                _ZN15OrangutanBuzzer20playFromProgramSpaceEPKc
 .text.play_from_program_space
                0x00000898        0x6 c:/program files (x86)/atmel/atmel toolchain/avr8 gcc/native/3.4.1061/avr8-gnu-toolchain/bin/../lib/gcc/avr/4.8.1/../../../../avr/lib\libpololu_atmega1284p.a(OrangutanBuzzer.o)
                0x00000898                play_from_program_space
 .text.void_getchar
                0x0000089e        0x6 c:/program files (x86)/atmel/atmel toolchain/avr8 gcc/native/3.4.1061/avr8-gnu-toolchain/bin/../lib/gcc/avr/4.8.1/../../../../avr/lib\libpololu_atmega1284p.a(OrangutanLCD.o)
                0x0000089e                void_getchar
 .text.delayMicroseconds.clone.0
                0x000008a4       0x14 c:/program files (x86)/atmel/atmel toolchain/avr8 gcc/native/3.4.1061/avr8-gnu-toolchain/bin/../lib/gcc/avr/4.8.1/../../../../avr/lib\libpololu_atmega1284p.a(OrangutanLCD.o)
 .text._ZN12OrangutanLCD8busyWaitEv
                0x000008b8       0xa2 c:/program files (x86)/atmel/atmel toolchain/avr8 gcc/native/3.4.1061/avr8-gnu-toolchain/bin/../lib/gcc/avr/4.8.1/../../../../avr/lib\libpololu_atmega1284p.a(OrangutanLCD.o)
                0x000008b8                _ZN12OrangutanLCD8busyWaitEv
 .text._ZN12OrangutanLCD8sendDataEh
                0x0000095a       0x24 c:/program files (x86)/atmel/atmel toolchain/avr8 gcc/native/3.4.1061/avr8-gnu-toolchain/bin/../lib/gcc/avr/4.8.1/../../../../avr/lib\libpololu_atmega1284p.a(OrangutanLCD.o)
                0x0000095a                _ZN12OrangutanLCD8sendDataEh
 .text._ZN12OrangutanLCD4sendEhhh
                0x0000097e       0x56 c:/program files (x86)/atmel/atmel toolchain/avr8 gcc/native/3.4.1061/avr8-gnu-toolchain/bin/../lib/gcc/avr/4.8.1/../../../../avr/lib\libpololu_atmega1284p.a(OrangutanLCD.o)
                0x0000097e                _ZN12OrangutanLCD4sendEhhh
 .text._ZN12OrangutanLCD8send_cmdEh
                0x000009d4        0xa c:/program files (x86)/atmel/atmel toolchain/avr8 gcc/native/3.4.1061/avr8-gnu-toolchain/bin/../lib/gcc/avr/4.8.1/../../../../avr/lib\libpololu_atmega1284p.a(OrangutanLCD.o)
                0x000009d4                _ZN12OrangutanLCD8send_cmdEh
 .text._ZN12OrangutanLCD9send_dataEh
                0x000009de        0xa c:/program files (x86)/atmel/atmel toolchain/avr8 gcc/native/3.4.1061/avr8-gnu-toolchain/bin/../lib/gcc/avr/4.8.1/../../../../avr/lib\libpololu_atmega1284p.a(OrangutanLCD.o)
                0x000009de                _ZN12OrangutanLCD9send_dataEh
 .text._ZN12OrangutanLCD13send_4bit_cmdEh
                0x000009e8        0xa c:/program files (x86)/atmel/atmel toolchain/avr8 gcc/native/3.4.1061/avr8-gnu-toolchain/bin/../lib/gcc/avr/4.8.1/../../../../avr/lib\libpololu_atmega1284p.a(OrangutanLCD.o)
                0x000009e8                _ZN12OrangutanLCD13send_4bit_cmdEh
 .text._ZN12OrangutanLCD5init2Ev
                0x000009f2       0x82 c:/program files (x86)/atmel/atmel toolchain/avr8 gcc/native/3.4.1061/avr8-gnu-toolchain/bin/../lib/gcc/avr/4.8.1/../../../../avr/lib\libpololu_atmega1284p.a(OrangutanLCD.o)
                0x000009f2                _ZN12OrangutanLCD5init2Ev
 .text._ZN12OrangutanLCD4initEv
                0x00000a74       0x14 c:/program files (x86)/atmel/atmel toolchain/avr8 gcc/native/3.4.1061/avr8-gnu-toolchain/bin/../lib/gcc/avr/4.8.1/../../../../avr/lib\libpololu_atmega1284p.a(OrangutanLCD.o)
                0x00000a74                _ZN12OrangutanLCD4initEv
 .text._ZN12OrangutanLCD5clearEv
                0x00000a88       0x58 c:/program files (x86)/atmel/atmel toolchain/avr8 gcc/native/3.4.1061/avr8-gnu-toolchain/bin/../lib/gcc/avr/4.8.1/../../../../avr/lib\libpololu_atmega1284p.a(OrangutanLCD.o)
                0x00000a88                _ZN12OrangutanLCD5clearEv
 .text.clear    0x00000ae0        0x6 c:/program files (x86)/atmel/atmel toolchain/avr8 gcc/native/3.4.1061/avr8-gnu-toolchain/bin/../lib/gcc/avr/4.8.1/../../../../avr/lib\libpololu_atmega1284p.a(OrangutanLCD.o)
                0x00000ae0                clear
 .text._ZN12OrangutanLCD6gotoXYEhh
                0x00000ae6       0x40 c:/program files (x86)/atmel/atmel toolchain/avr8 gcc/native/3.4.1061/avr8-gnu-toolchain/bin/../lib/gcc/avr/4.8.1/../../../../avr/lib\libpololu_atmega1284p.a(OrangutanLCD.o)
                0x00000ae6                _ZN12OrangutanLCD6gotoXYEhh
 .text.lcd_goto_xy
                0x00000b26        0x6 c:/program files (x86)/atmel/atmel toolchain/avr8 gcc/native/3.4.1061/avr8-gnu-toolchain/bin/../lib/gcc/avr/4.8.1/../../../../avr/lib\libpololu_atmega1284p.a(OrangutanLCD.o)
                0x00000b26                lcd_goto_xy
 .text.lcd_putchar
                0x00000b2c      0x224 c:/program files (x86)/atmel/atmel toolchain/avr8 gcc/native/3.4.1061/avr8-gnu-toolchain/bin/../lib/gcc/avr/4.8.1/../../../../avr/lib\libpololu_atmega1284p.a(OrangutanLCD.o)
                0x00000b2c                lcd_putchar
 .text._ZN12OrangutanLCD10initPrintfEv
                0x00000d50       0x8a c:/program files (x86)/atmel/atmel toolchain/avr8 gcc/native/3.4.1061/avr8-gnu-toolchain/bin/../lib/gcc/avr/4.8.1/../../../../avr/lib\libpololu_atmega1284p.a(OrangutanLCD.o)
                0x00000d50                _ZN12OrangutanLCD10initPrintfEv
 .text.lcd_init_printf
                0x00000dda        0x6 c:/program files (x86)/atmel/atmel toolchain/avr8 gcc/native/3.4.1061/avr8-gnu-toolchain/bin/../lib/gcc/avr/4.8.1/../../../../avr/lib\libpololu_atmega1284p.a(OrangutanLCD.o)
                0x00000dda                lcd_init_printf
 .text._ZN20OrangutanPushbuttons5init2Ev
                0x00000de0       0x20 c:/program files (x86)/atmel/atmel toolchain/avr8 gcc/native/3.4.1061/avr8-gnu-toolchain/bin/../lib/gcc/avr/4.8.1/../../../../avr/lib\libpololu_atmega1284p.a(OrangutanPushbuttons.o)
                0x00000de0                _ZN20OrangutanPushbuttons5init2Ev
 .text._ZN20OrangutanPushbuttons4initEv
                0x00000e00       0x14 c:/program files (x86)/atmel/atmel toolchain/avr8 gcc/native/3.4.1061/avr8-gnu-toolchain/bin/../lib/gcc/avr/4.8.1/../../../../avr/lib\libpololu_atmega1284p.a(OrangutanPushbuttons.o)
                0x00000e00                _ZN20OrangutanPushbuttons4initEv
 .text._ZN20OrangutanPushbuttons23getSingleDebouncedPressEh
                0x00000e14      0x14e c:/program files (x86)/atmel/atmel toolchain/avr8 gcc/native/3.4.1061/avr8-gnu-toolchain/bin/../lib/gcc/avr/4.8.1/../../../../avr/lib\libpololu_atmega1284p.a(OrangutanPushbuttons.o)
                0x00000e14                _ZN20OrangutanPushbuttons23getSingleDebouncedPressEh
 .text.get_single_debounced_button_press
                0x00000f62        0x6 c:/program files (x86)/atmel/atmel toolchain/avr8 gcc/native/3.4.1061/avr8-gnu-toolchain/bin/../lib/gcc/avr/4.8.1/../../../../avr/lib\libpololu_atmega1284p.a(OrangutanPushbuttons.o)
                0x00000f62                get_single_debounced_button_press
 .text.serial_get_received_bytes
                0x00000f68       0x20 c:/program files (x86)/atmel/atmel toolchain/avr8 gcc/native/3.4.1061/avr8-gnu-toolchain/bin/../lib/gcc/avr/4.8.1/../../../../avr/lib\libpololu_atmega1284p.a(OrangutanSerial.o)
                0x00000f68                serial_get_received_bytes
 .text._ZN15OrangutanSerial21serial_rx_handle_byteEhh
                0x00000f88      0x14e c:/program files (x86)/atmel/atmel toolchain/avr8 gcc/native/3.4.1061/avr8-gnu-toolchain/bin/../lib/gcc/avr/4.8.1/../../../../avr/lib\libpololu_atmega1284p.a(OrangutanSerial.o)
                0x00000f88                _ZN15OrangutanSerial21serial_rx_handle_byteEhh
 .text._ZN15OrangutanSerial15serial_rx_checkEh
                0x000010d6      0x18a c:/program files (x86)/atmel/atmel toolchain/avr8 gcc/native/3.4.1061/avr8-gnu-toolchain/bin/../lib/gcc/avr/4.8.1/../../../../avr/lib\libpololu_atmega1284p.a(OrangutanSerial.o)
                0x000010d6                _ZN15OrangutanSerial15serial_rx_checkEh
 .text._ZN15OrangutanSerial14receive_inlineEhPchh
                0x00001260       0xce c:/program files (x86)/atmel/atmel toolchain/avr8 gcc/native/3.4.1061/avr8-gnu-toolchain/bin/../lib/gcc/avr/4.8.1/../../../../avr/lib\libpololu_atmega1284p.a(OrangutanSerial.o)
                0x00001260                _ZN15OrangutanSerial14receive_inlineEhPchh
 .text._ZN15OrangutanSerial11receiveRingEhPch
                0x0000132e        0x8 c:/program files (x86)/atmel/atmel toolchain/avr8 gcc/native/3.4.1061/avr8-gnu-toolchain/bin/../lib/gcc/avr/4.8.1/../../../../avr/lib\libpololu_atmega1284p.a(OrangutanSerial.o)
                0x0000132e                _ZN15OrangutanSerial11receiveRingEhPch
 .text.serial_receive_ring
                0x00001336        0x6 c:/program files (x86)/atmel/atmel toolchain/avr8 gcc/native/3.4.1061/avr8-gnu-toolchain/bin/../lib/gcc/avr/4.8.1/../../../../avr/lib\libpololu_atmega1284p.a(OrangutanSerial.o)
                0x00001336                serial_receive_ring
 .text.__vector_20
                0x0000133c       0x56 c:/program files (x86)/atmel/atmel toolchain/avr8 gcc/native/3.4.1061/avr8-gnu-toolchain/bin/../lib/gcc/avr/4.8.1/../../../../avr/lib\libpololu_atmega1284p.a(OrangutanSerial.o)
                0x0000133c                __vector_20
 .text.__vector_28
                0x00001392       0x56 c:/program files (x86)/atmel/atmel toolchain/avr8 gcc/native/3.4.1061/avr8-gnu-toolchain/bin/../lib/gcc/avr/4.8.1/../../../../avr/lib\libpololu_atmega1284p.a(OrangutanSerial.o)
                0x00001392                __vector_28
 .text._Z24uart_enable_tx_interrupth
                0x000013e8       0x16 c:/program files (x86)/atmel/atmel toolchain/avr8 gcc/native/3.4.1061/avr8-gnu-toolchain/bin/../lib/gcc/avr/4.8.1/../../../../avr/lib\libpololu_atmega1284p.a(OrangutanSerial.o)
                0x000013e8                _Z24uart_enable_tx_interrupth
 .text._Z25uart_disable_tx_interrupth
                0x000013fe       0x16 c:/program files (x86)/atmel/atmel toolchain/avr8 gcc/native/3.4.1061/avr8-gnu-toolchain/bin/../lib/gcc/avr/4.8.1/../../../../avr/lib\libpololu_atmega1284p.a(OrangutanSerial.o)
                0x000013fe                _Z25uart_disable_tx_interrupth
 .text._ZN15OrangutanSerial24uart_update_tx_interruptEh
                0x00001414       0x94 c:/program files (x86)/atmel/atmel toolchain/avr8 gcc/native/3.4.1061/avr8-gnu-toolchain/bin/../lib/gcc/avr/4.8.1/../../../../avr/lib\libpololu_atmega1284p.a(OrangutanSerial.o)
                0x00001414                _ZN15OrangutanSerial24uart_update_tx_interruptEh
 .text._ZN15OrangutanSerial15initUART_inlineEh
                0x000014a8       0x52 c:/program files (x86)/atmel/atmel toolchain/avr8 gcc/native/3.4.1061/avr8-gnu-toolchain/bin/../lib/gcc/avr/4.8.1/../../../../avr/lib\libpololu_atmega1284p.a(OrangutanSerial.o)
                0x000014a8                _ZN15OrangutanSerial15initUART_inlineEh
 .text._ZN15OrangutanSerial8initPortEh
                0x000014fa       0x1a c:/program files (x86)/atmel/atmel toolchain/avr8 gcc/native/3.4.1061/avr8-gnu-toolchain/bin/../lib/gcc/avr/4.8.1/../../../../avr/lib\libpololu_atmega1284p.a(OrangutanSerial.o)
                0x000014fa                _ZN15OrangutanSerial8initPortEh
 .text._ZN15OrangutanSerial11setBaudRateEhm
                0x00001514       0x66 c:/program files (x86)/atmel/atmel toolchain/avr8 gcc/native/3.4.1061/avr8-gnu-toolchain/bin/../lib/gcc/avr/4.8.1/../../../../avr/lib\libpololu_atmega1284p.a(OrangutanSerial.o)
                0x00001514                _ZN15OrangutanSerial11setBaudRateEhm
 .text.serial_set_baud_rate
                0x0000157a        0x6 c:/program files (x86)/atmel/atmel toolchain/avr8 gcc/native/3.4.1061/avr8-gnu-toolchain/bin/../lib/gcc/avr/4.8.1/../../../../avr/lib\libpololu_atmega1284p.a(OrangutanSerial.o)
                0x0000157a                serial_set_baud_rate
 .text._ZN15OrangutanSerial11uart_tx_isrEh
                0x00001580       0xf8 c:/program files (x86)/atmel/atmel toolchain/avr8 gcc/native/3.4.1061/avr8-gnu-toolchain/bin/../lib/gcc/avr/4.8.1/../../../../avr/lib\libpololu_atmega1284p.a(OrangutanSerial.o)
                0x00001580                _ZN15OrangutanSerial11uart_tx_isrEh
 .text._ZN15OrangutanSerial15serial_tx_checkEh
                0x00001678       0x52 c:/program files (x86)/atmel/atmel toolchain/avr8 gcc/native/3.4.1061/avr8-gnu-toolchain/bin/../lib/gcc/avr/4.8.1/../../../../avr/lib\libpololu_atmega1284p.a(OrangutanSerial.o)
                0x00001678                _ZN15OrangutanSerial15serial_tx_checkEh
 .text._ZN15OrangutanSerial5checkEv
                0x000016ca       0x26 c:/program files (x86)/atmel/atmel toolchain/avr8 gcc/native/3.4.1061/avr8-gnu-toolchain/bin/../lib/gcc/avr/4.8.1/../../../../avr/lib\libpololu_atmega1284p.a(OrangutanSerial.o)
                0x000016ca                _ZN15OrangutanSerial5checkEv
 .text.serial_check
                0x000016f0        0x6 c:/program files (x86)/atmel/atmel toolchain/avr8 gcc/native/3.4.1061/avr8-gnu-toolchain/bin/../lib/gcc/avr/4.8.1/../../../../avr/lib\libpololu_atmega1284p.a(OrangutanSerial.o)
                0x000016f0                serial_check
 .text.__vector_21
                0x000016f6       0x52 c:/program files (x86)/atmel/atmel toolchain/avr8 gcc/native/3.4.1061/avr8-gnu-toolchain/bin/../lib/gcc/avr/4.8.1/../../../../avr/lib\libpololu_atmega1284p.a(OrangutanSerial.o)
                0x000016f6                __vector_21
 .text.__vector_29
                0x00001748       0x52 c:/program files (x86)/atmel/atmel toolchain/avr8 gcc/native/3.4.1061/avr8-gnu-toolchain/bin/../lib/gcc/avr/4.8.1/../../../../avr/lib\libpololu_atmega1284p.a(OrangutanSerial.o)
                0x00001748                __vector_29
 .text._ZN13OrangutanTime17delayMicrosecondsEj
                0x0000179a       0x10 c:/program files (x86)/atmel/atmel toolchain/avr8 gcc/native/3.4.1061/avr8-gnu-toolchain/bin/../lib/gcc/avr/4.8.1/../../../../avr/lib\libpololu_atmega1284p.a(OrangutanTime.o)
                0x0000179a                _ZN13OrangutanTime17delayMicrosecondsEj
 .text.__vector_11
                0x000017aa       0x74 c:/program files (x86)/atmel/atmel toolchain/avr8 gcc/native/3.4.1061/avr8-gnu-toolchain/bin/../lib/gcc/avr/4.8.1/../../../../avr/lib\libpololu_atmega1284p.a(OrangutanTime.o)
                0x000017aa                __vector_11
 .text._ZN13OrangutanTime17delayMillisecondsEj
                0x0000181e       0x1c c:/program files (x86)/atmel/atmel toolchain/avr8 gcc/native/3.4.1061/avr8-gnu-toolchain/bin/../lib/gcc/avr/4.8.1/../../../../avr/lib\libpololu_atmega1284p.a(OrangutanTime.o)
                0x0000181e                _ZN13OrangutanTime17delayMillisecondsEj
 .text.delay_ms
                0x0000183a        0x6 c:/program files (x86)/atmel/atmel toolchain/avr8 gcc/native/3.4.1061/avr8-gnu-toolchain/bin/../lib/gcc/avr/4.8.1/../../../../avr/lib\libpololu_atmega1284p.a(OrangutanTime.o)
                0x0000183a                delay_ms
 .text._ZN13OrangutanTime5init2Ev
                0x00001840       0x30 c:/program files (x86)/atmel/atmel toolchain/avr8 gcc/native/3.4.1061/avr8-gnu-toolchain/bin/../lib/gcc/avr/4.8.1/../../../../avr/lib\libpololu_atmega1284p.a(OrangutanTime.o)
                0x00001840                _ZN13OrangutanTime5init2Ev
 .text._ZN13OrangutanTime4initEv
                0x00001870       0x14 c:/program files (x86)/atmel/atmel toolchain/avr8 gcc/native/3.4.1061/avr8-gnu-toolchain/bin/../lib/gcc/avr/4.8.1/../../../../avr/lib\libpololu_atmega1284p.a(OrangutanTime.o)
                0x00001870                _ZN13OrangutanTime4initEv
 .text._ZN13OrangutanTime2msEv
                0x00001884       0x2a c:/program files (x86)/atmel/atmel toolchain/avr8 gcc/native/3.4.1061/avr8-gnu-toolchain/bin/../lib/gcc/avr/4.8.1/../../../../avr/lib\libpololu_atmega1284p.a(OrangutanTime.o)
                0x00001884                _ZN13OrangutanTime2msEv
 .text.get_ms   0x000018ae        0x6 c:/program files (x86)/atmel/atmel toolchain/avr8 gcc/native/3.4.1061/avr8-gnu-toolchain/bin/../lib/gcc/avr/4.8.1/../../../../avr/lib\libpololu_atmega1284p.a(OrangutanTime.o)
                0x000018ae                get_ms
 .text._ZN13OrangutanTime5resetEv
                0x000018b4       0x2e c:/program files (x86)/atmel/atmel toolchain/avr8 gcc/native/3.4.1061/avr8-gnu-toolchain/bin/../lib/gcc/avr/4.8.1/../../../../avr/lib\libpololu_atmega1284p.a(OrangutanTime.o)
                0x000018b4                _ZN13OrangutanTime5resetEv
 .text.time_reset
                0x000018e2        0x6 c:/program files (x86)/atmel/atmel toolchain/avr8 gcc/native/3.4.1061/avr8-gnu-toolchain/bin/../lib/gcc/avr/4.8.1/../../../../avr/lib\libpololu_atmega1284p.a(OrangutanTime.o)
                0x000018e2                time_reset
 .text._ZN12OrangutanSVP11getNextByteEv
                0x000018e8        0xa c:/program files (x86)/atmel/atmel toolchain/avr8 gcc/native/3.4.1061/avr8-gnu-toolchain/bin/../lib/gcc/avr/4.8.1/../../../../avr/lib\libpololu_atmega1284p.a(OrangutanSVP.o)
                0x000018e8                _ZN12OrangutanSVP11getNextByteEv
 .text._ZN12OrangutanSVP15serialReadStartEv
                0x000018f2        0xe c:/program files (x86)/atmel/atmel toolchain/avr8 gcc/native/3.4.1061/avr8-gnu-toolchain/bin/../lib/gcc/avr/4.8.1/../../../../avr/lib\libpololu_atmega1284p.a(OrangutanSVP.o)
                0x000018f2                _ZN12OrangutanSVP15serialReadStartEv
 .text._ZN12OrangutanSVP17serialSendIfReadyEc
                0x00001900       0x26 c:/program files (x86)/atmel/atmel toolchain/avr8 gcc/native/3.4.1061/avr8-gnu-toolchain/bin/../lib/gcc/avr/4.8.1/../../../../avr/lib\libpololu_atmega1284p.a(OrangutanSVP.o)
                0x00001900                _ZN12OrangutanSVP17serialSendIfReadyEc
 .text.delayMicroseconds
                0x00001926       0x10 c:/program files (x86)/atmel/atmel toolchain/avr8 gcc/native/3.4.1061/avr8-gnu-toolchain/bin/../lib/gcc/avr/4.8.1/../../../../avr/lib\libpololu_atmega1284p.a(OrangutanSPIMaster.o)
 .text._ZN18OrangutanSPIMaster4initEhh
                0x00001936       0x50 c:/program files (x86)/atmel/atmel toolchain/avr8 gcc/native/3.4.1061/avr8-gnu-toolchain/bin/../lib/gcc/avr/4.8.1/../../../../avr/lib\libpololu_atmega1284p.a(OrangutanSPIMaster.o)
                0x00001936                _ZN18OrangutanSPIMaster4initEhh
 .text._ZN18OrangutanSPIMaster16transmitAndDelayEhh
                0x00001986       0x4a c:/program files (x86)/atmel/atmel toolchain/avr8 gcc/native/3.4.1061/avr8-gnu-toolchain/bin/../lib/gcc/avr/4.8.1/../../../../avr/lib\libpololu_atmega1284p.a(OrangutanSPIMaster.o)
                0x00001986                _ZN18OrangutanSPIMaster16transmitAndDelayEhh
 .text.libgcc.mul
                0x000019d0       0x20 c:/program files (x86)/atmel/atmel toolchain/avr8 gcc/native/3.4.1061/avr8-gnu-toolchain/bin/../lib/gcc/avr/4.8.1/avr51\libgcc.a(_mulsi3.o)
                0x000019d0                __mulsi3
 .text.libgcc.div
                0x000019f0       0x18 c:/program files (x86)/atmel/atmel toolchain/avr8 gcc/native/3.4.1061/avr8-gnu-toolchain/bin/../lib/gcc/avr/4.8.1/avr51\libgcc.a(_udivmodqi4.o)
                0x000019f0                __udivmodqi4
 .text.libgcc.div
                0x00001a08       0x28 c:/program files (x86)/atmel/atmel toolchain/avr8 gcc/native/3.4.1061/avr8-gnu-toolchain/bin/../lib/gcc/avr/4.8.1/avr51\libgcc.a(_udivmodhi4.o)
                0x00001a08                __udivmodhi4
 .text.libgcc.div
                0x00001a30       0x44 c:/program files (x86)/atmel/atmel toolchain/avr8 gcc/native/3.4.1061/avr8-gnu-toolchain/bin/../lib/gcc/avr/4.8.1/avr51\libgcc.a(_udivmodsi4.o)
                0x00001a30                __udivmodsi4
 .text.libgcc.div
                0x00001a74       0x2e c:/program files (x86)/atmel/atmel toolchain/avr8 gcc/native/3.4.1061/avr8-gnu-toolchain/bin/../lib/gcc/avr/4.8.1/avr51\libgcc.a(_divmodsi4.o)
                0x00001a74                __divmodsi4
 .text.libgcc.div
                0x00001aa2       0x10 c:/program files (x86)/atmel/atmel toolchain/avr8 gcc/native/3.4.1061/avr8-gnu-toolchain/bin/../lib/gcc/avr/4.8.1/avr51\libgcc.a(_negsi2.o)
                0x00001aa2                __negsi2
 .text.libgcc.mul
                0x00001ab2       0x16 c:/program files (x86)/atmel/atmel toolchain/avr8 gcc/native/3.4.1061/avr8-gnu-toolchain/bin/../lib/gcc/avr/4.8.1/avr51\libgcc.a(_muluhisi3.o)
                0x00001ab2                __muluhisi3
 .text.libgcc.prologue
                0x00001ac8       0x38 c:/program files (x86)/atmel/atmel toolchain/avr8 gcc/native/3.4.1061/avr8-gnu-toolchain/bin/../lib/gcc/avr/4.8.1/avr51\libgcc.a(_prologue.o)
                0x00001ac8                __prologue_saves__
 .text.libgcc.prologue
                0x00001b00       0x36 c:/program files (x86)/atmel/atmel toolchain/avr8 gcc/native/3.4.1061/avr8-gnu-toolchain/bin/../lib/gcc/avr/4.8.1/avr51\libgcc.a(_epilogue.o)
                0x00001b00                __epilogue_restores__
 .text.libgcc.mul
                0x00001b36       0x1e c:/program files (x86)/atmel/atmel toolchain/avr8 gcc/native/3.4.1061/avr8-gnu-toolchain/bin/../lib/gcc/avr/4.8.1/avr51\libgcc.a(_umulhisi3.o)
                0x00001b36                __umulhisi3
 .text.avr-libc
                0x00001b54      0x24e c:/program files (x86)/atmel/atmel toolchain/avr8 gcc/native/3.4.1061/avr8-gnu-toolchain/bin/../lib/gcc/avr/4.8.1/../../../../avr/lib/avr51\libc.a(malloc.o)
                0x00001b54                malloc
                0x00001c84                free
 .text.avr-libc
                0x00001da2       0x96 c:/program files (x86)/atmel/atmel toolchain/avr8 gcc/native/3.4.1061/avr8-gnu-toolchain/bin/../lib/gcc/avr/4.8.1/../../../../avr/lib/avr51\libc.a(fdevopen.o)
                0x00001da2                fdevopen
 .text.avr-libc
                0x00001e38       0x24 c:/program files (x86)/atmel/atmel toolchain/avr8 gcc/native/3.4.1061/avr8-gnu-toolchain/bin/../lib/gcc/avr/4.8.1/../../../../avr/lib/avr51\libc.a(printf.o)
                0x00001e38                printf
 .text.avr-libc
                0x00001e5c       0x5a c:/program files (x86)/atmel/atmel toolchain/avr8 gcc/native/3.4.1061/avr8-gnu-toolchain/bin/../lib/gcc/avr/4.8.1/../../../../avr/lib/avr51\libc.a(puts.o)
                0x00001e5c                puts
 .text.avr-libc
                0x00001eb6      0x3f6 c:/program files (x86)/atmel/atmel toolchain/avr8 gcc/native/3.4.1061/avr8-gnu-toolchain/bin/../lib/gcc/avr/4.8.1/../../../../avr/lib/avr51\libc.a(vfprintf_std.o)
                0x00001eb6                vfprintf
 .text.avr-libc
                0x000022ac       0x38 c:/program files (x86)/atmel/atmel toolchain/avr8 gcc/native/3.4.1061/avr8-gnu-toolchain/bin/../lib/gcc/avr/4.8.1/../../../../avr/lib/avr51\libc.a(calloc.o)
                0x000022ac                calloc
 .text.avr-libc
                0x000022e4       0x16 c:/program files (x86)/atmel/atmel toolchain/avr8 gcc/native/3.4.1061/avr8-gnu-toolchain/bin/../lib/gcc/avr/4.8.1/../../../../avr/lib/avr51\libc.a(strnlen_P.o)
                0x000022e4                strnlen_P
 .text.avr-libc
                0x000022fa        0xe c:/program files (x86)/atmel/atmel toolchain/avr8 gcc/native/3.4.1061/avr8-gnu-toolchain/bin/../lib/gcc/avr/4.8.1/../../../../avr/lib/avr51\libc.a(memset.o)
                0x000022fa                memset
 .text.avr-libc
                0x00002308       0x16 c:/program files (x86)/atmel/atmel toolchain/avr8 gcc/native/3.4.1061/avr8-gnu-toolchain/bin/../lib/gcc/avr/4.8.1/../../../../avr/lib/avr51\libc.a(strnlen.o)
                0x00002308                strnlen
 .text.avr-libc
                0x0000231e       0x64 c:/program files (x86)/atmel/atmel toolchain/avr8 gcc/native/3.4.1061/avr8-gnu-toolchain/bin/../lib/gcc/avr/4.8.1/../../../../avr/lib/avr51\libc.a(fputc.o)
                0x0000231e                fputc
 .text.avr-libc
                0x00002382       0xbc c:/program files (x86)/atmel/atmel toolchain/avr8 gcc/native/3.4.1061/avr8-gnu-toolchain/bin/../lib/gcc/avr/4.8.1/../../../../avr/lib/avr51\libc.a(ultoa_invert.o)
                0x00002382                __ultoa_invert
                0x0000243e                . = ALIGN (0x2)
 *(.fini9)
 .fini9         0x0000243e        0x0 c:/program files (x86)/atmel/atmel toolchain/avr8 gcc/native/3.4.1061/avr8-gnu-toolchain/bin/../lib/gcc/avr/4.8.1/avr51\libgcc.a(_exit.o)
                0x0000243e                _exit
                0x0000243e                exit
 *(.fini9)
 *(.fini8)
 *(.fini8)
 *(.fini7)
 *(.fini7)
 *(.fini6)
 *(.fini6)
 *(.fini5)
 *(.fini5)
 *(.fini4)
 *(.fini4)
 *(.fini3)
 *(.fini3)
 *(.fini2)
 *(.fini2)
 *(.fini1)
 *(.fini1)
 *(.fini0)
 .fini0         0x0000243e        0x4 c:/program files (x86)/atmel/atmel toolchain/avr8 gcc/native/3.4.1061/avr8-gnu-toolchain/bin/../lib/gcc/avr/4.8.1/avr51\libgcc.a(_exit.o)
 *(.fini0)
                0x00002442                _etext = .

.data           0x00800100       0x7a load address 0x00002442
                0x00800100                PROVIDE (__data_start, .)
 *(.data)
 .data          0x00800100       0x22 c:/program files (x86)/atmel/atmel toolchain/avr8 gcc/native/3.4.1061/avr8-gnu-toolchain/bin/../lib/gcc/avr/4.8.1/../../../../avr/lib\libpololu_atmega1284p.a(OrangutanBuzzer.o)
                0x00800100                buzzerFinished
 .data          0x00800122        0x2 c:/program files (x86)/atmel/atmel toolchain/avr8 gcc/native/3.4.1061/avr8-gnu-toolchain/bin/../lib/gcc/avr/4.8.1/../../../../avr/lib\libpololu_atmega1284p.a(OrangutanLCD.o)
                0x00800122                numLCDRows
                0x00800123                numLCDCols
 .data          0x00800124       0x1e c:/program files (x86)/atmel/atmel toolchain/avr8 gcc/native/3.4.1061/avr8-gnu-toolchain/bin/../lib/gcc/avr/4.8.1/../../../../avr/lib\libpololu_atmega1284p.a(OrangutanSerial.o)
                0x00800124                _ZN15OrangutanSerial5portsE
 .data          0x00800142        0x6 c:/program files (x86)/atmel/atmel toolchain/avr8 gcc/native/3.4.1061/avr8-gnu-toolchain/bin/../lib/gcc/avr/4.8.1/../../../../avr/lib/avr51\libc.a(malloc.o)
                0x00800142                __malloc_heap_end
                0x00800144                __malloc_heap_start
                0x00800146                __malloc_margin
 *(.data*)
 .data.blink_interval_step_size_ms
                0x00800148        0x2 main.o
                0x00800148                blink_interval_step_size_ms
 .data.blink_interval_ms
                0x0080014a        0x2 main.o
                0x0080014a                blink_interval_ms
 *(.rodata)
 *(.rodata*)
 .rodata.str1.1
                0x0080014c       0x2d main.o
 *(.gnu.linkonce.d*)
                0x0080017a                . = ALIGN (0x2)
 *fill*         0x00800179        0x1 
                0x0080017a                _edata = .
                0x0080017a                PROVIDE (__data_end, .)

.bss            0x0080017a       0x7e
                0x0080017a                PROVIDE (__bss_start, .)
 *(.bss)
 .bss           0x0080017a        0x9 c:/program files (x86)/atmel/atmel toolchain/avr8 gcc/native/3.4.1061/avr8-gnu-toolchain/bin/../lib/gcc/avr/4.8.1/../../../../avr/lib\libpololu_atmega1284p.a(OrangutanBuzzer.o)
                0x0080017a                buzzerInitialized
                0x0080017b                buzzerSequence
 .bss           0x00800183        0x9 c:/program files (x86)/atmel/atmel toolchain/avr8 gcc/native/3.4.1061/avr8-gnu-toolchain/bin/../lib/gcc/avr/4.8.1/../../../../avr/lib\libpololu_atmega1284p.a(OrangutanLCD.o)
                0x00800183                printf_chars
                0x00800185                row
                0x00800186                col
                0x00800187                lcdTimeout
                0x0080018b                _ZZN12OrangutanLCD4initEvE11initialized
 .bss           0x0080018c        0xd c:/program files (x86)/atmel/atmel toolchain/avr8 gcc/native/3.4.1061/avr8-gnu-toolchain/bin/../lib/gcc/avr/4.8.1/../../../../avr/lib\libpololu_atmega1284p.a(OrangutanPushbuttons.o)
                0x0080018c                _ZZN20OrangutanPushbuttons4initEvE11initialized
 .bss           0x00800199        0x9 c:/program files (x86)/atmel/atmel toolchain/avr8 gcc/native/3.4.1061/avr8-gnu-toolchain/bin/../lib/gcc/avr/4.8.1/../../../../avr/lib\libpololu_atmega1284p.a(OrangutanSerial.o)
 .bss           0x008001a2        0xb c:/program files (x86)/atmel/atmel toolchain/avr8 gcc/native/3.4.1061/avr8-gnu-toolchain/bin/../lib/gcc/avr/4.8.1/../../../../avr/lib\libpololu_atmega1284p.a(OrangutanTime.o)
                0x008001a2                tickCount
                0x008001a6                msCounter
                0x008001aa                us_over_10
                0x008001ac                _ZZN13OrangutanTime4initEvE11initialized
 *(.bss*)
 .bss.receive_buffer_position
                0x008001ad        0x1 main.o
                0x008001ad                receive_buffer_position
 *(COMMON)
 COMMON         0x008001ae       0x40 main.o
                0x008001ae                receive_buffer
                0x008001ce                send_buffer
 COMMON         0x008001ee        0x4 c:/program files (x86)/atmel/atmel toolchain/avr8 gcc/native/3.4.1061/avr8-gnu-toolchain/bin/../lib/gcc/avr/4.8.1/../../../../avr/lib/avr51\libc.a(malloc.o)
                0x008001ee                __brkval
                0x008001f0                __flp
 COMMON         0x008001f2        0x6 c:/program files (x86)/atmel/atmel toolchain/avr8 gcc/native/3.4.1061/avr8-gnu-toolchain/bin/../lib/gcc/avr/4.8.1/../../../../avr/lib/avr51\libc.a(iob.o)
                0x008001f2                __iob
                0x008001f8                PROVIDE (__bss_end, .)
                0x00002442                __data_load_start = LOADADDR (.data)
                0x000024bc                __data_load_end = (__data_load_start + SIZEOF (.data))

.noinit         0x008001f8        0x0
                0x008001f8                PROVIDE (__noinit_start, .)
 *(.noinit*)
                0x008001f8                PROVIDE (__noinit_end, .)
                0x008001f8                _end = .
                0x008001f8                PROVIDE (__heap_start, .)

.eeprom         0x00810000        0x0
 *(.eeprom*)
                0x00810000                __eeprom_end = .

.fuse
 *(.fuse)
 *(.lfuse)
 *(.hfuse)
 *(.efuse)

.lock
 *(.lock*)

.signature
 *(.signature*)

.user_signatures
 *(.user_signatures*)

.stab           0x00000000     0x4d58
 *(.stab)
 .stab          0x00000000     0x1098 c:/program files (x86)/atmel/atmel toolchain/avr8 gcc/native/3.4.1061/avr8-gnu-toolchain/bin/../lib/gcc/avr/4.8.1/../../../../avr/lib\libpololu_atmega1284p.a(OrangutanBuzzer.o)
                               0x156c (size before relaxing)
 .stab          0x00001098     0x1320 c:/program files (x86)/atmel/atmel toolchain/avr8 gcc/native/3.4.1061/avr8-gnu-toolchain/bin/../lib/gcc/avr/4.8.1/../../../../avr/lib\libpololu_atmega1284p.a(OrangutanLCD.o)
                               0x207c (size before relaxing)
 .stab          0x000023b8      0x6d8 c:/program files (x86)/atmel/atmel toolchain/avr8 gcc/native/3.4.1061/avr8-gnu-toolchain/bin/../lib/gcc/avr/4.8.1/../../../../avr/lib\libpololu_atmega1284p.a(OrangutanPushbuttons.o)
                                0xce4 (size before relaxing)
 .stab          0x00002a90     0x10ec c:/program files (x86)/atmel/atmel toolchain/avr8 gcc/native/3.4.1061/avr8-gnu-toolchain/bin/../lib/gcc/avr/4.8.1/../../../../avr/lib\libpololu_atmega1284p.a(OrangutanSerial.o)
                               0x1908 (size before relaxing)
 .stab          0x00003b7c      0x7d4 c:/program files (x86)/atmel/atmel toolchain/avr8 gcc/native/3.4.1061/avr8-gnu-toolchain/bin/../lib/gcc/avr/4.8.1/../../../../avr/lib\libpololu_atmega1284p.a(OrangutanTime.o)
                                0x978 (size before relaxing)
 .stab          0x00004350      0x498 c:/program files (x86)/atmel/atmel toolchain/avr8 gcc/native/3.4.1061/avr8-gnu-toolchain/bin/../lib/gcc/avr/4.8.1/../../../../avr/lib\libpololu_atmega1284p.a(OrangutanSVP.o)
                                0xe10 (size before relaxing)
 .stab          0x000047e8      0x570 c:/program files (x86)/atmel/atmel toolchain/avr8 gcc/native/3.4.1061/avr8-gnu-toolchain/bin/../lib/gcc/avr/4.8.1/../../../../avr/lib\libpololu_atmega1284p.a(OrangutanSPIMaster.o)
                                0x6e4 (size before relaxing)

.stabstr        0x00000000     0x69bf
 *(.stabstr)
 .stabstr       0x00000000     0x69bf c:/program files (x86)/atmel/atmel toolchain/avr8 gcc/native/3.4.1061/avr8-gnu-toolchain/bin/../lib/gcc/avr/4.8.1/../../../../avr/lib\libpololu_atmega1284p.a(OrangutanBuzzer.o)

.stab.excl
 *(.stab.excl)

.stab.exclstr
 *(.stab.exclstr)

.stab.index
 *(.stab.index)

.stab.indexstr
 *(.stab.indexstr)

.comment        0x00000000       0x5c
 *(.comment)
 .comment       0x00000000       0x30 main.o
                                 0x31 (size before relaxing)
 .comment       0x00000000       0x31 c:/program files (x86)/atmel/atmel toolchain/avr8 gcc/native/3.4.1061/avr8-gnu-toolchain/bin/../lib/gcc/avr/4.8.1/../../../../avr/lib/avr51\libc.a(malloc.o)
 .comment       0x00000000       0x31 c:/program files (x86)/atmel/atmel toolchain/avr8 gcc/native/3.4.1061/avr8-gnu-toolchain/bin/../lib/gcc/avr/4.8.1/../../../../avr/lib/avr51\libc.a(fdevopen.o)
 .comment       0x00000000       0x31 c:/program files (x86)/atmel/atmel toolchain/avr8 gcc/native/3.4.1061/avr8-gnu-toolchain/bin/../lib/gcc/avr/4.8.1/../../../../avr/lib/avr51\libc.a(iob.o)
 .comment       0x00000000       0x31 c:/program files (x86)/atmel/atmel toolchain/avr8 gcc/native/3.4.1061/avr8-gnu-toolchain/bin/../lib/gcc/avr/4.8.1/../../../../avr/lib/avr51\libc.a(printf.o)
 .comment       0x00000000       0x31 c:/program files (x86)/atmel/atmel toolchain/avr8 gcc/native/3.4.1061/avr8-gnu-toolchain/bin/../lib/gcc/avr/4.8.1/../../../../avr/lib/avr51\libc.a(puts.o)
 .comment       0x00000030       0x2c c:/program files (x86)/atmel/atmel toolchain/avr8 gcc/native/3.4.1061/avr8-gnu-toolchain/bin/../lib/gcc/avr/4.8.1/../../../../avr/lib/avr51\libc.a(vfprintf_std.o)
                                 0x2d (size before relaxing)
 .comment       0x00000000       0x31 c:/program files (x86)/atmel/atmel toolchain/avr8 gcc/native/3.4.1061/avr8-gnu-toolchain/bin/../lib/gcc/avr/4.8.1/../../../../avr/lib/avr51\libc.a(calloc.o)
 .comment       0x00000000       0x31 c:/program files (x86)/atmel/atmel toolchain/avr8 gcc/native/3.4.1061/avr8-gnu-toolchain/bin/../lib/gcc/avr/4.8.1/../../../../avr/lib/avr51\libc.a(fputc.o)

.note.gnu.build-id
 *(.note.gnu.build-id)

.debug
 *(.debug)

.line
 *(.line)

.debug_srcinfo
 *(.debug_srcinfo)

.debug_sfnames
 *(.debug_sfnames)

.debug_aranges  0x00000000       0x48
 *(.debug_aranges)
 .debug_aranges
                0x00000000       0x48 main.o

.debug_pubnames
 *(.debug_pubnames)

.debug_info     0x00000000      0x4c4
 *(.debug_info .gnu.linkonce.wi.*)
 .debug_info    0x00000000      0x4c4 main.o

.debug_abbrev   0x00000000      0x202
 *(.debug_abbrev)
 .debug_abbrev  0x00000000      0x202 main.o

.debug_line     0x00000000      0x4a6
 *(.debug_line .debug_line.* .debug_line_end)
 .debug_line    0x00000000      0x4a6 main.o

.debug_frame    0x00000000       0x94
 *(.debug_frame)
 .debug_frame   0x00000000       0x94 main.o

.debug_str      0x00000000      0x361
 *(.debug_str)
 .debug_str     0x00000000      0x361 main.o
                                0x3ab (size before relaxing)

.debug_loc      0x00000000      0x17c
 *(.debug_loc)
 .debug_loc     0x00000000      0x17c main.o

.debug_macinfo
 *(.debug_macinfo)

.debug_weaknames
 *(.debug_weaknames)

.debug_funcnames
 *(.debug_funcnames)

.debug_typenames
 *(.debug_typenames)

.debug_varnames
 *(.debug_varnames)

.debug_pubtypes
 *(.debug_pubtypes)

.debug_ranges   0x00000000       0x38
 *(.debug_ranges)
 .debug_ranges  0x00000000       0x38 main.o

.debug_macro
 *(.debug_macro)
OUTPUT(project2.elf elf32-avr)
LOAD linker stubs
